<!--YSLOG {"runId":38056365850,"event":"schedule","startedAt":"2026-10-10T13:36:28Z","savedAt":"2026-10-10T13:37:01.740Z","url":"https://github.com/Sam5440/ys_problem_web/actions/runs/38056365850","jobName":"update","conclusion":"failure"}-->
2026-10-10T13:36:29.7476816Z Current runner version: '2.337.0'
2026-10-10T13:36:29.7502575Z ##[group]Runner Image Provisioner
2026-10-10T13:36:29.7503454Z Hosted Compute Agent
2026-10-10T13:36:29.7504177Z Version: 20261002.596
2026-10-10T13:36:29.7504821Z Commit: c3d12f3313a95f25162a1503be624f3b0617f8c0
2026-10-10T13:36:29.7505625Z Build Date: 2026-10-02T22:28:27Z
2026-10-10T13:36:29.7506350Z Worker ID: {97b35218-1f2c-42d6-8b6d-71ca6bf201b8}
2026-10-10T13:36:29.7507104Z Region: westus2
2026-10-10T13:36:29.7507710Z Cloud: Azure
2026-10-10T13:36:29.7508292Z ##[endgroup]
2026-10-10T13:36:29.7510132Z ##[group]Operating System
2026-10-10T13:36:29.7510824Z Ubuntu
2026-10-10T13:36:29.7511399Z 24.04.5
2026-10-10T13:36:29.7512004Z LTS
2026-10-10T13:36:29.7512568Z ##[endgroup]
2026-10-10T13:36:29.7513190Z ##[group]Runner Image
2026-10-10T13:36:29.7513824Z Image: ubuntu-24.04
2026-10-10T13:36:29.7514485Z Version: 20261004.327.1
2026-10-10T13:36:29.7515834Z Included Software: https://github.com/actions/runner-images/blob/ubuntu24/20261004.327/images/ubuntu/Ubuntu2404-Readme.md
2026-10-10T13:36:29.7517439Z Image Release: https://github.com/actions/runner-images/releases/tag/ubuntu24%2F20261004.327
2026-10-10T13:36:29.7518427Z ##[endgroup]
2026-10-10T13:36:29.7519977Z ##[group]GITHUB_TOKEN Permissions
2026-10-10T13:36:29.7521860Z Actions: write
2026-10-10T13:36:29.7522605Z Contents: write
2026-10-10T13:36:29.7523210Z Metadata: read
2026-10-10T13:36:29.7523818Z ##[endgroup]
2026-10-10T13:36:29.7525958Z Secret source: Actions
2026-10-10T13:36:29.7526932Z Cache mode: write
2026-10-10T13:36:29.7527795Z Prepare workflow directory
2026-10-10T13:36:29.7869957Z Prepare all required actions
2026-10-10T13:36:29.7919088Z Getting action download info
2026-10-10T13:36:30.1604256Z Download action repository 'actions/checkout@v4' (SHA:11d5960a326750d5838078e36cf38b85af677262)
2026-10-10T13:36:30.3642912Z Complete job name: update
2026-10-10T13:36:30.4477684Z ##[group]Run actions/checkout@v4
2026-10-10T13:36:30.4478624Z with:
2026-10-10T13:36:30.4479098Z   repository: Sam5440/ys_problem_web
2026-10-10T13:36:30.4483543Z   token: ***
2026-10-10T13:36:30.4483997Z   ssh-strict: true
2026-10-10T13:36:30.4484437Z   ssh-user: git
2026-10-10T13:36:30.4484901Z   persist-credentials: true
2026-10-10T13:36:30.4485404Z   clean: true
2026-10-10T13:36:30.4485853Z   sparse-checkout-cone-mode: true
2026-10-10T13:36:30.4486370Z   fetch-depth: 1
2026-10-10T13:36:30.4486803Z   fetch-tags: false
2026-10-10T13:36:30.4487312Z   show-progress: true
2026-10-10T13:36:30.4487767Z   lfs: false
2026-10-10T13:36:30.4488187Z   submodules: false
2026-10-10T13:36:30.4488639Z   set-safe-directory: true
2026-10-10T13:36:30.4489157Z   allow-unsafe-pr-checkout: false
2026-10-10T13:36:30.4490640Z ##[endgroup]
2026-10-10T13:36:30.5504198Z Syncing repository: Sam5440/ys_problem_web
2026-10-10T13:36:30.5506907Z ##[group]Getting Git version info
2026-10-10T13:36:30.5508307Z Working directory is '/home/runner/work/ys_problem_web/ys_problem_web'
2026-10-10T13:36:30.5510490Z [command]/usr/bin/git version
2026-10-10T13:36:30.5577412Z git version 2.55.0
2026-10-10T13:36:30.5599459Z ##[endgroup]
2026-10-10T13:36:30.5623818Z Temporarily overriding HOME='/home/runner/work/_temp/4448e9aa-a41e-4535-bf48-b3f63e6e4aa7' before making global git config changes
2026-10-10T13:36:30.5626495Z Adding repository directory to the temporary git global config as a safe directory
2026-10-10T13:36:30.5628949Z [command]/usr/bin/git config --global --add safe.directory /home/runner/work/ys_problem_web/ys_problem_web
2026-10-10T13:36:30.5687494Z Deleting the contents of '/home/runner/work/ys_problem_web/ys_problem_web'
2026-10-10T13:36:30.5692210Z ##[group]Initializing the repository
2026-10-10T13:36:30.5695906Z [command]/usr/bin/git init /home/runner/work/ys_problem_web/ys_problem_web
2026-10-10T13:36:30.5817466Z hint: Using 'master' as the name for the initial branch. This default branch name
2026-10-10T13:36:30.5819485Z hint: will change to "main" in Git 3.0. To configure the initial branch name
2026-10-10T13:36:30.5820800Z hint: to use in all of your new repositories, which will suppress this warning,
2026-10-10T13:36:30.5822699Z hint: call:
2026-10-10T13:36:30.5823547Z hint:
2026-10-10T13:36:30.5824555Z hint: 	git config --global init.defaultBranch <name>
2026-10-10T13:36:30.5825787Z hint:
2026-10-10T13:36:30.5826883Z hint: Names commonly chosen instead of 'master' are 'main', 'trunk' and
2026-10-10T13:36:30.5828673Z hint: 'development'. The just-created branch can be renamed via this command:
2026-10-10T13:36:30.5830315Z hint:
2026-10-10T13:36:30.5831068Z hint: 	git branch -m <name>
2026-10-10T13:36:30.5831912Z hint:
2026-10-10T13:36:30.5833122Z hint: Disable this message with "git config set advice.defaultBranchName false"
2026-10-10T13:36:30.5835175Z Initialized empty Git repository in /home/runner/work/ys_problem_web/ys_problem_web/.git/
2026-10-10T13:36:30.5837124Z [command]/usr/bin/git remote add origin https://github.com/Sam5440/ys_problem_web
2026-10-10T13:36:30.5891582Z ##[endgroup]
2026-10-10T13:36:30.5892931Z ##[group]Disabling automatic garbage collection
2026-10-10T13:36:30.5896521Z [command]/usr/bin/git config --local gc.auto 0
2026-10-10T13:36:30.5930335Z ##[endgroup]
2026-10-10T13:36:30.5931595Z ##[group]Setting up auth
2026-10-10T13:36:30.5937126Z [command]/usr/bin/git config --local --name-only --get-regexp core\.sshCommand
2026-10-10T13:36:30.5970833Z [command]/usr/bin/git submodule foreach --recursive sh -c "git config --local --name-only --get-regexp 'core\.sshCommand' && git config --local --unset-all 'core.sshCommand' || :"
2026-10-10T13:36:30.6369854Z [command]/usr/bin/git config --local --name-only --get-regexp http\.https\:\/\/github\.com\/\.extraheader
2026-10-10T13:36:30.6410700Z [command]/usr/bin/git submodule foreach --recursive sh -c "git config --local --name-only --get-regexp 'http\.https\:\/\/github\.com\/\.extraheader' && git config --local --unset-all 'http.https://github.com/.extraheader' || :"
2026-10-10T13:36:30.6635354Z [command]/usr/bin/git config --local --name-only --get-regexp ^includeIf\.gitdir:
2026-10-10T13:36:30.6671900Z [command]/usr/bin/git submodule foreach --recursive git config --local --show-origin --name-only --get-regexp remote.origin.url
2026-10-10T13:36:30.6897328Z [command]/usr/bin/git config --local http.https://github.com/.extraheader AUTHORIZATION: basic ***
2026-10-10T13:36:30.6938734Z ##[endgroup]
2026-10-10T13:36:30.6948619Z ##[group]Fetching the repository
2026-10-10T13:36:30.6950526Z [command]/usr/bin/git -c protocol.version=2 fetch --no-tags --prune --no-recurse-submodules --depth=1 origin +5c94aa483926c7ee2d4b04d89a62db91a9684c11:refs/remotes/origin/main
2026-10-10T13:36:31.4073646Z From https://github.com/Sam5440/ys_problem_web
2026-10-10T13:36:31.4075370Z  * [new ref]         5c94aa483926c7ee2d4b04d89a62db91a9684c11 -> origin/main
2026-10-10T13:36:31.4079985Z ##[endgroup]
2026-10-10T13:36:31.4081619Z ##[group]Determining the checkout info
2026-10-10T13:36:31.4083674Z ##[endgroup]
2026-10-10T13:36:31.4088949Z [command]/usr/bin/git sparse-checkout disable
2026-10-10T13:36:31.4144304Z [command]/usr/bin/git config --local --unset-all extensions.worktreeConfig
2026-10-10T13:36:31.4177063Z ##[group]Checking out the ref
2026-10-10T13:36:31.4181461Z [command]/usr/bin/git checkout --progress --force -B main refs/remotes/origin/main
2026-10-10T13:36:31.4328016Z Switched to a new branch 'main'
2026-10-10T13:36:31.4334790Z branch 'main' set up to track 'origin/main'.
2026-10-10T13:36:31.4341175Z ##[endgroup]
2026-10-10T13:36:31.4384093Z [command]/usr/bin/git log -1 --format=%H
2026-10-10T13:36:31.4411369Z 5c94aa483926c7ee2d4b04d89a62db91a9684c11
2026-10-10T13:36:31.4641863Z ##[group]Run node scripts/restore-data.mjs --misc --runtime
2026-10-10T13:36:31.4642786Z [36;1mnode scripts/restore-data.mjs --misc --runtime[0m
2026-10-10T13:36:31.4943965Z shell: /usr/bin/bash -e {0}
2026-10-10T13:36:31.4944553Z ##[endgroup]
2026-10-10T13:36:32.7747220Z misc: restored data/leaderboard.json, data/.upstream-sha, data/.leaderboard-sha, data/.history-backfill-failed.json, public/ci-logs from data/misc-2026-10-09
2026-10-10T13:36:37.2090221Z runtime: restored public/compiler from data/runtime
2026-10-10T13:36:37.2251541Z ##[group]Run CHANGED=false
2026-10-10T13:36:37.2251934Z [36;1mCHANGED=false[0m
2026-10-10T13:36:37.2252229Z [36;1mLB_CHANGED=false[0m
2026-10-10T13:36:37.2252927Z [36;1mif UPSTREAM_SHA=$(git ls-remote https://github.com/Yawn-Sean/Daily_CF_Problems.git HEAD | cut -f1) && [ -n "$UPSTREAM_SHA" ]; then[0m
2026-10-10T13:36:37.2253683Z [36;1m  LAST_SHA=$(cat data/.upstream-sha 2>/dev/null || true)[0m
2026-10-10T13:36:37.2254141Z [36;1m  [ "$UPSTREAM_SHA" != "$LAST_SHA" ] && CHANGED=true[0m
2026-10-10T13:36:37.2254508Z [36;1melse[0m
2026-10-10T13:36:37.2254885Z [36;1m  # check itself failed — fall through to a full run (safe fallback)[0m
2026-10-10T13:36:37.2255344Z [36;1m  CHANGED=true[0m
2026-10-10T13:36:37.2255640Z [36;1mfi[0m
2026-10-10T13:36:37.2256057Z [36;1m# empty output = gh-pages missing → nothing to sync; a failure here[0m
2026-10-10T13:36:37.2256592Z [36;1m# is covered by the main-branch fallback above (same network)[0m
2026-10-10T13:36:37.2257327Z [36;1mLB_SHA=$(git ls-remote https://github.com/Yawn-Sean/Daily_CF_Problems.git gh-pages | cut -f1 || true)[0m
2026-10-10T13:36:37.2257939Z [36;1mif [ -n "$LB_SHA" ]; then[0m
2026-10-10T13:36:37.2258336Z [36;1m  LAST_LB_SHA=$(cat data/.leaderboard-sha 2>/dev/null || true)[0m
2026-10-10T13:36:37.2258816Z [36;1m  [ "$LB_SHA" != "$LAST_LB_SHA" ] && LB_CHANGED=true[0m
2026-10-10T13:36:37.2259452Z [36;1mfi[0m
2026-10-10T13:36:37.2259784Z [36;1mecho "changed=$CHANGED" >> "$GITHUB_OUTPUT"[0m
2026-10-10T13:36:37.2260201Z [36;1mecho "lb_changed=$LB_CHANGED" >> "$GITHUB_OUTPUT"[0m
2026-10-10T13:36:37.2260625Z [36;1mecho "sha=$UPSTREAM_SHA" >> "$GITHUB_OUTPUT"[0m
2026-10-10T13:36:37.2261021Z [36;1mecho "lb_sha=$LB_SHA" >> "$GITHUB_OUTPUT"[0m
2026-10-10T13:36:37.2326939Z shell: /usr/bin/bash -e {0}
2026-10-10T13:36:37.2327269Z ##[endgroup]
2026-10-10T13:36:38.1941917Z ##[group]Run node scripts/sync-leaderboard.mjs
2026-10-10T13:36:38.1942341Z [36;1mnode scripts/sync-leaderboard.mjs[0m
2026-10-10T13:36:38.2004994Z shell: /usr/bin/bash -e {0}
2026-10-10T13:36:38.2005279Z env:
2026-10-10T13:36:38.2008362Z   GITHUB_TOKEN: ***
2026-10-10T13:36:38.2008592Z ##[endgroup]
2026-10-10T13:36:38.2409523Z Syncing leaderboard (records.js from gh-pages)...
2026-10-10T13:36:38.2926118Z (node:2356) [MODULE_TYPELESS_PACKAGE_JSON] Warning: Module type of file:///home/runner/work/ys_problem_web/ys_problem_web/lib/records.js is not specified and it doesn't parse as CommonJS.
2026-10-10T13:36:38.2928393Z Reparsing as ES module because module syntax was detected. This incurs a performance overhead.
2026-10-10T13:36:38.2930008Z To eliminate this warning, add "type": "module" to /home/runner/work/ys_problem_web/ys_problem_web/package.json.
2026-10-10T13:36:38.2930718Z (Use `node --trace-warnings ...` to show where the warning was created)
2026-10-10T13:36:38.5275918Z   ✓ 362 players, data through 2026-10-09
2026-10-10T13:36:38.5276805Z LEADERBOARD-SYNC {"changed":true,"players":362,"currentDate":"2026-10-09"}
2026-10-10T13:36:38.5277768Z leaderboard updated: 362 players through 2026-10-09
2026-10-10T13:36:38.6072921Z ##[group]Run if [ -n "31a118d20e7259a41ec98e6de0cd0a05f38cedc3" ]; then
2026-10-10T13:36:38.6073469Z [36;1mif [ -n "31a118d20e7259a41ec98e6de0cd0a05f38cedc3" ]; then[0m
2026-10-10T13:36:38.6073967Z [36;1m  echo "31a118d20e7259a41ec98e6de0cd0a05f38cedc3" > data/.leaderboard-sha[0m
2026-10-10T13:36:38.6074381Z [36;1mfi[0m
2026-10-10T13:36:38.6074669Z [36;1mnode scripts/push-data-branches.mjs --misc --prune[0m
2026-10-10T13:36:38.6075074Z [36;1mnode scripts/restore-data.mjs --daily --runtime[0m
2026-10-10T13:36:38.6075429Z [36;1mnode scripts/publish-deploy.mjs[0m
2026-10-10T13:36:38.6138653Z shell: /usr/bin/bash -e {0}
2026-10-10T13:36:38.6138941Z ##[endgroup]
2026-10-10T13:36:40.8210158Z data/misc-2026-10-10: pushed 416e69fdfd1d (new branch)
2026-10-10T13:36:41.1412971Z prune: no data/misc-* branch older than 60 days
2026-10-10T13:36:43.6115869Z daily: restored data/daily.json from deploy
2026-10-10T13:36:44.6675798Z runtime: restored public/compiler from data/runtime
2026-10-10T13:36:44.7001344Z publish-deploy failed: data/statements missing or empty — run `node scripts/restore-data.mjs --statements` first
2026-10-10T13:36:44.7048460Z ##[error]Process completed with exit code 1.
2026-10-10T13:36:44.7265416Z Post job cleanup.
2026-10-10T13:36:44.8098852Z [command]/usr/bin/git version
2026-10-10T13:36:44.8141914Z git version 2.55.0
2026-10-10T13:36:44.8183213Z Temporarily overriding HOME='/home/runner/work/_temp/73187ace-04eb-4c41-a002-9ff253d02800' before making global git config changes
2026-10-10T13:36:44.8184677Z Adding repository directory to the temporary git global config as a safe directory
2026-10-10T13:36:44.8189847Z [command]/usr/bin/git config --global --add safe.directory /home/runner/work/ys_problem_web/ys_problem_web
2026-10-10T13:36:44.8228990Z [command]/usr/bin/git config --local --name-only --get-regexp core\.sshCommand
2026-10-10T13:36:44.8265003Z [command]/usr/bin/git submodule foreach --recursive sh -c "git config --local --name-only --get-regexp 'core\.sshCommand' && git config --local --unset-all 'core.sshCommand' || :"
2026-10-10T13:36:44.8515102Z [command]/usr/bin/git config --local --name-only --get-regexp http\.https\:\/\/github\.com\/\.extraheader
2026-10-10T13:36:44.8543550Z http.https://github.com/.extraheader
2026-10-10T13:36:44.8556051Z [command]/usr/bin/git config --local --unset-all http.https://github.com/.extraheader
2026-10-10T13:36:44.8601659Z [command]/usr/bin/git submodule foreach --recursive sh -c "git config --local --name-only --get-regexp 'http\.https\:\/\/github\.com\/\.extraheader' && git config --local --unset-all 'http.https://github.com/.extraheader' || :"
2026-10-10T13:36:44.8865425Z [command]/usr/bin/git config --local --name-only --get-regexp ^includeIf\.gitdir:
2026-10-10T13:36:44.8903370Z [command]/usr/bin/git submodule foreach --recursive git config --local --show-origin --name-only --get-regexp remote.origin.url
2026-10-10T13:36:44.9349119Z Evaluate and set job outputs
2026-10-10T13:36:44.9355866Z Set output 'changed'
2026-10-10T13:36:44.9357478Z Set output 'lb_changed'
2026-10-10T13:36:44.9358597Z Cleaning up orphan processes
2026-10-10T13:36:44.9652523Z ##[warning]Node.js 20 is deprecated. The following actions target Node.js 20 but are being forced to run on Node.js 24: actions/checkout@v4. For more information see: https://github.blog/changelog/2025-09-19-deprecation-of-node-20-on-github-actions-runners/

