<!--YSLOG {"runId":37439410686,"event":"schedule","startedAt":"2026-10-06T08:55:40Z","savedAt":"2026-10-06T08:56:37.290Z","url":"https://github.com/Sam5440/ys_problem_web/actions/runs/37439410686","jobName":"update","conclusion":"failure"}-->
2026-10-06T08:55:41.3607892Z Current runner version: '2.337.0'
2026-10-06T08:55:41.3627530Z ##[group]Runner Image Provisioner
2026-10-06T08:55:41.3628514Z Hosted Compute Agent
2026-10-06T08:55:41.3629041Z Version: 20260901.588
2026-10-06T08:55:41.3629583Z Commit: f88ec8081b781fac6c440065ac7ff9e710ce3d0b
2026-10-06T08:55:41.3630245Z Build Date: 2026-09-01T19:56:44Z
2026-10-06T08:55:41.3630856Z Worker ID: {e7715ca6-99e8-4f76-b4e6-6f435b6c0da8}
2026-10-06T08:55:41.3631450Z Azure Region: centralus
2026-10-06T08:55:41.3631955Z ##[endgroup]
2026-10-06T08:55:41.3633151Z ##[group]Operating System
2026-10-06T08:55:41.3633653Z Ubuntu
2026-10-06T08:55:41.3634401Z 24.04.5
2026-10-06T08:55:41.3634843Z LTS
2026-10-06T08:55:41.3635282Z ##[endgroup]
2026-10-06T08:55:41.3635815Z ##[group]Runner Image
2026-10-06T08:55:41.3636318Z Image: ubuntu-24.04
2026-10-06T08:55:41.3636822Z Version: 20260927.320.1
2026-10-06T08:55:41.3638118Z Included Software: https://github.com/actions/runner-images/blob/ubuntu24/20260927.320/images/ubuntu/Ubuntu2404-Readme.md
2026-10-06T08:55:41.3639450Z Image Release: https://github.com/actions/runner-images/releases/tag/ubuntu24%2F20260927.320
2026-10-06T08:55:41.3640276Z ##[endgroup]
2026-10-06T08:55:41.3641337Z ##[group]GITHUB_TOKEN Permissions
2026-10-06T08:55:41.3643343Z Actions: write
2026-10-06T08:55:41.3643874Z Contents: write
2026-10-06T08:55:41.3644366Z Metadata: read
2026-10-06T08:55:41.3644861Z ##[endgroup]
2026-10-06T08:55:41.3646526Z Secret source: Actions
2026-10-06T08:55:41.3647326Z Cache mode: write
2026-10-06T08:55:41.3648342Z Prepare workflow directory
2026-10-06T08:55:41.4086690Z Prepare all required actions
2026-10-06T08:55:41.4130228Z Getting action download info
2026-10-06T08:55:41.6664058Z Download action repository 'actions/checkout@v4' (SHA:11d5960a326750d5838078e36cf38b85af677262)
2026-10-06T08:55:42.2659253Z Complete job name: update
2026-10-06T08:55:42.3619377Z ##[group]Run actions/checkout@v4
2026-10-06T08:55:42.3620178Z with:
2026-10-06T08:55:42.3620740Z   repository: Sam5440/ys_problem_web
2026-10-06T08:55:42.3624748Z   token: ***
2026-10-06T08:55:42.3625233Z   ssh-strict: true
2026-10-06T08:55:42.3625851Z   ssh-user: git
2026-10-06T08:55:42.3626366Z   persist-credentials: true
2026-10-06T08:55:42.3626943Z   clean: true
2026-10-06T08:55:42.3627432Z   sparse-checkout-cone-mode: true
2026-10-06T08:55:42.3628179Z   fetch-depth: 1
2026-10-06T08:55:42.3628701Z   fetch-tags: false
2026-10-06T08:55:42.3629215Z   show-progress: true
2026-10-06T08:55:42.3629730Z   lfs: false
2026-10-06T08:55:42.3630202Z   submodules: false
2026-10-06T08:55:42.3630707Z   set-safe-directory: true
2026-10-06T08:55:42.3631324Z   allow-unsafe-pr-checkout: false
2026-10-06T08:55:42.3632029Z ##[endgroup]
2026-10-06T08:55:42.4553195Z Syncing repository: Sam5440/ys_problem_web
2026-10-06T08:55:42.4555894Z ##[group]Getting Git version info
2026-10-06T08:55:42.4557213Z Working directory is '/home/runner/work/ys_problem_web/ys_problem_web'
2026-10-06T08:55:42.4558883Z [command]/usr/bin/git version
2026-10-06T08:55:42.4632116Z git version 2.55.0
2026-10-06T08:55:42.4648630Z ##[endgroup]
2026-10-06T08:55:42.4674655Z Temporarily overriding HOME='/home/runner/work/_temp/92e99f9e-fe38-4e65-a4c0-abe3407859c9' before making global git config changes
2026-10-06T08:55:42.4681681Z Adding repository directory to the temporary git global config as a safe directory
2026-10-06T08:55:42.4683524Z [command]/usr/bin/git config --global --add safe.directory /home/runner/work/ys_problem_web/ys_problem_web
2026-10-06T08:55:42.5179180Z Deleting the contents of '/home/runner/work/ys_problem_web/ys_problem_web'
2026-10-06T08:55:42.5185703Z ##[group]Initializing the repository
2026-10-06T08:55:42.5190284Z [command]/usr/bin/git init /home/runner/work/ys_problem_web/ys_problem_web
2026-10-06T08:55:42.6484748Z hint: Using 'master' as the name for the initial branch. This default branch name
2026-10-06T08:55:42.6487240Z hint: will change to "main" in Git 3.0. To configure the initial branch name
2026-10-06T08:55:42.6488674Z hint: to use in all of your new repositories, which will suppress this warning,
2026-10-06T08:55:42.6490013Z hint: call:
2026-10-06T08:55:42.6490485Z hint:
2026-10-06T08:55:42.6491137Z hint: 	git config --global init.defaultBranch <name>
2026-10-06T08:55:42.6491783Z hint:
2026-10-06T08:55:42.6492442Z hint: Names commonly chosen instead of 'master' are 'main', 'trunk' and
2026-10-06T08:55:42.6493396Z hint: 'development'. The just-created branch can be renamed via this command:
2026-10-06T08:55:42.6494245Z hint:
2026-10-06T08:55:42.6494878Z hint: 	git branch -m <name>
2026-10-06T08:55:42.6495570Z hint:
2026-10-06T08:55:42.6496241Z hint: Disable this message with "git config set advice.defaultBranchName false"
2026-10-06T08:55:42.6497309Z Initialized empty Git repository in /home/runner/work/ys_problem_web/ys_problem_web/.git/
2026-10-06T08:55:42.6500275Z [command]/usr/bin/git remote add origin https://github.com/Sam5440/ys_problem_web
2026-10-06T08:55:42.7655261Z ##[endgroup]
2026-10-06T08:55:42.7656187Z ##[group]Disabling automatic garbage collection
2026-10-06T08:55:42.7658634Z [command]/usr/bin/git config --local gc.auto 0
2026-10-06T08:55:42.8270700Z ##[endgroup]
2026-10-06T08:55:42.8272524Z ##[group]Setting up auth
2026-10-06T08:55:42.8278065Z [command]/usr/bin/git config --local --name-only --get-regexp core\.sshCommand
2026-10-06T08:55:42.8304509Z [command]/usr/bin/git submodule foreach --recursive sh -c "git config --local --name-only --get-regexp 'core\.sshCommand' && git config --local --unset-all 'core.sshCommand' || :"
2026-10-06T08:55:42.8583508Z [command]/usr/bin/git config --local --name-only --get-regexp http\.https\:\/\/github\.com\/\.extraheader
2026-10-06T08:55:42.8614068Z [command]/usr/bin/git submodule foreach --recursive sh -c "git config --local --name-only --get-regexp 'http\.https\:\/\/github\.com\/\.extraheader' && git config --local --unset-all 'http.https://github.com/.extraheader' || :"
2026-10-06T08:55:42.8769330Z [command]/usr/bin/git config --local --name-only --get-regexp ^includeIf\.gitdir:
2026-10-06T08:55:42.8795310Z [command]/usr/bin/git submodule foreach --recursive git config --local --show-origin --name-only --get-regexp remote.origin.url
2026-10-06T08:55:42.8955795Z [command]/usr/bin/git config --local http.https://github.com/.extraheader AUTHORIZATION: basic ***
2026-10-06T08:55:42.9101571Z ##[endgroup]
2026-10-06T08:55:42.9103894Z ##[group]Fetching the repository
2026-10-06T08:55:42.9112417Z [command]/usr/bin/git -c protocol.version=2 fetch --no-tags --prune --no-recurse-submodules --depth=1 origin +a385b01e5a14e1ae28629925e87c2fd97981c42e:refs/remotes/origin/main
2026-10-06T08:55:43.3208546Z From https://github.com/Sam5440/ys_problem_web
2026-10-06T08:55:43.3212286Z  * [new ref]         a385b01e5a14e1ae28629925e87c2fd97981c42e -> origin/main
2026-10-06T08:55:43.3219393Z ##[endgroup]
2026-10-06T08:55:43.3222434Z ##[group]Determining the checkout info
2026-10-06T08:55:43.3225592Z ##[endgroup]
2026-10-06T08:55:43.3227509Z [command]/usr/bin/git sparse-checkout disable
2026-10-06T08:55:43.3323528Z [command]/usr/bin/git config --local --unset-all extensions.worktreeConfig
2026-10-06T08:55:43.3349933Z ##[group]Checking out the ref
2026-10-06T08:55:43.3352188Z [command]/usr/bin/git checkout --progress --force -B main refs/remotes/origin/main
2026-10-06T08:55:43.3429182Z Switched to a new branch 'main'
2026-10-06T08:55:43.3433448Z branch 'main' set up to track 'origin/main'.
2026-10-06T08:55:43.3440101Z ##[endgroup]
2026-10-06T08:55:43.3469698Z [command]/usr/bin/git log -1 --format=%H
2026-10-06T08:55:43.3488322Z a385b01e5a14e1ae28629925e87c2fd97981c42e
2026-10-06T08:55:43.3702823Z ##[group]Run node scripts/restore-data.mjs --misc
2026-10-06T08:55:43.3704531Z [36;1mnode scripts/restore-data.mjs --misc[0m
2026-10-06T08:55:43.3873924Z shell: /usr/bin/bash -e {0}
2026-10-06T08:55:43.3875156Z ##[endgroup]
2026-10-06T08:55:44.4437264Z misc: restored data/leaderboard.json, data/.upstream-sha, data/.leaderboard-sha, data/.history-backfill-failed.json, public/ci-logs from data/misc-2026-10-06
2026-10-06T08:55:44.4508758Z ##[group]Run CHANGED=false
2026-10-06T08:55:44.4509349Z [36;1mCHANGED=false[0m
2026-10-06T08:55:44.4509612Z [36;1mLB_CHANGED=false[0m
2026-10-06T08:55:44.4510361Z [36;1mif UPSTREAM_SHA=$(git ls-remote https://github.com/Yawn-Sean/Daily_CF_Problems.git HEAD | cut -f1) && [ -n "$UPSTREAM_SHA" ]; then[0m
2026-10-06T08:55:44.4510968Z [36;1m  LAST_SHA=$(cat data/.upstream-sha 2>/dev/null || true)[0m
2026-10-06T08:55:44.4511383Z [36;1m  [ "$UPSTREAM_SHA" != "$LAST_SHA" ] && CHANGED=true[0m
2026-10-06T08:55:44.4511748Z [36;1melse[0m
2026-10-06T08:55:44.4512123Z [36;1m  # check itself failed — fall through to a full run (safe fallback)[0m
2026-10-06T08:55:44.4512514Z [36;1m  CHANGED=true[0m
2026-10-06T08:55:44.4512776Z [36;1mfi[0m
2026-10-06T08:55:44.4513536Z [36;1m# empty output = gh-pages missing → nothing to sync; a failure here[0m
2026-10-06T08:55:44.4513998Z [36;1m# is covered by the main-branch fallback above (same network)[0m
2026-10-06T08:55:44.4514674Z [36;1mLB_SHA=$(git ls-remote https://github.com/Yawn-Sean/Daily_CF_Problems.git gh-pages | cut -f1 || true)[0m
2026-10-06T08:55:44.4515167Z [36;1mif [ -n "$LB_SHA" ]; then[0m
2026-10-06T08:55:44.4515599Z [36;1m  LAST_LB_SHA=$(cat data/.leaderboard-sha 2>/dev/null || true)[0m
2026-10-06T08:55:44.4516001Z [36;1m  [ "$LB_SHA" != "$LAST_LB_SHA" ] && LB_CHANGED=true[0m
2026-10-06T08:55:44.4516335Z [36;1mfi[0m
2026-10-06T08:55:44.4516647Z [36;1mecho "changed=$CHANGED" >> "$GITHUB_OUTPUT"[0m
2026-10-06T08:55:44.4517056Z [36;1mecho "lb_changed=$LB_CHANGED" >> "$GITHUB_OUTPUT"[0m
2026-10-06T08:55:44.4517440Z [36;1mecho "sha=$UPSTREAM_SHA" >> "$GITHUB_OUTPUT"[0m
2026-10-06T08:55:44.4518063Z [36;1mecho "lb_sha=$LB_SHA" >> "$GITHUB_OUTPUT"[0m
2026-10-06T08:55:44.4553304Z shell: /usr/bin/bash -e {0}
2026-10-06T08:55:44.4553707Z ##[endgroup]
2026-10-06T08:55:45.3197388Z ##[group]Run node scripts/sync-leaderboard.mjs
2026-10-06T08:55:45.3198134Z [36;1mnode scripts/sync-leaderboard.mjs[0m
2026-10-06T08:55:45.3232307Z shell: /usr/bin/bash -e {0}
2026-10-06T08:55:45.3232646Z env:
2026-10-06T08:55:45.3235172Z   GITHUB_TOKEN: ***
2026-10-06T08:55:45.3235480Z ##[endgroup]
2026-10-06T08:55:45.3513250Z Syncing leaderboard (records.js from gh-pages)...
2026-10-06T08:55:45.6109824Z   ✓ 361 players, data through 2026-10-05
2026-10-06T08:55:45.6110648Z LEADERBOARD-SYNC {"changed":true,"players":361,"currentDate":"2026-10-05"}
2026-10-06T08:55:45.6112346Z leaderboard updated: 361 players through 2026-10-05
2026-10-06T08:55:45.6461405Z ##[group]Run if [ -n "1639e142da3c59d59fe7bdb84dd2f2f366f497e6" ]; then
2026-10-06T08:55:45.6461937Z [36;1mif [ -n "1639e142da3c59d59fe7bdb84dd2f2f366f497e6" ]; then[0m
2026-10-06T08:55:45.6462402Z [36;1m  echo "1639e142da3c59d59fe7bdb84dd2f2f366f497e6" > data/.leaderboard-sha[0m
2026-10-06T08:55:45.6462857Z [36;1mfi[0m
2026-10-06T08:55:45.6463169Z [36;1mnode scripts/push-data-branches.mjs --misc --prune[0m
2026-10-06T08:55:45.6463553Z [36;1mnode scripts/restore-data.mjs --daily[0m
2026-10-06T08:55:45.6463944Z [36;1mnode scripts/publish-deploy.mjs[0m
2026-10-06T08:55:45.6498786Z shell: /usr/bin/bash -e {0}
2026-10-06T08:55:45.6499109Z ##[endgroup]
2026-10-06T08:55:47.4621496Z data/misc-2026-10-06: pushed 1525290a4668
2026-10-06T08:55:47.7099385Z prune: no data/misc-* branch older than 60 days
2026-10-06T08:55:49.7695919Z daily: restored data/daily.json from deploy
2026-10-06T08:55:49.7963994Z publish-deploy failed: data/statements missing or empty — run `node scripts/restore-data.mjs --statements` first
2026-10-06T08:55:49.7992935Z ##[error]Process completed with exit code 1.
2026-10-06T08:55:49.8269690Z Post job cleanup.
2026-10-06T08:55:49.8998507Z [command]/usr/bin/git version
2026-10-06T08:55:49.9023260Z git version 2.55.0
2026-10-06T08:55:49.9051303Z Temporarily overriding HOME='/home/runner/work/_temp/23a26d18-3aed-4b00-86ad-e2face335c24' before making global git config changes
2026-10-06T08:55:49.9052638Z Adding repository directory to the temporary git global config as a safe directory
2026-10-06T08:55:49.9055058Z [command]/usr/bin/git config --global --add safe.directory /home/runner/work/ys_problem_web/ys_problem_web
2026-10-06T08:55:49.9086040Z [command]/usr/bin/git config --local --name-only --get-regexp core\.sshCommand
2026-10-06T08:55:49.9112444Z [command]/usr/bin/git submodule foreach --recursive sh -c "git config --local --name-only --get-regexp 'core\.sshCommand' && git config --local --unset-all 'core.sshCommand' || :"
2026-10-06T08:55:49.9287350Z [command]/usr/bin/git config --local --name-only --get-regexp http\.https\:\/\/github\.com\/\.extraheader
2026-10-06T08:55:49.9308527Z http.https://github.com/.extraheader
2026-10-06T08:55:49.9317193Z [command]/usr/bin/git config --local --unset-all http.https://github.com/.extraheader
2026-10-06T08:55:49.9345740Z [command]/usr/bin/git submodule foreach --recursive sh -c "git config --local --name-only --get-regexp 'http\.https\:\/\/github\.com\/\.extraheader' && git config --local --unset-all 'http.https://github.com/.extraheader' || :"
2026-10-06T08:55:49.9527173Z [command]/usr/bin/git config --local --name-only --get-regexp ^includeIf\.gitdir:
2026-10-06T08:55:49.9560480Z [command]/usr/bin/git submodule foreach --recursive git config --local --show-origin --name-only --get-regexp remote.origin.url
2026-10-06T08:55:49.9855852Z Evaluate and set job outputs
2026-10-06T08:55:49.9865853Z Set output 'changed'
2026-10-06T08:55:49.9868337Z Set output 'lb_changed'
2026-10-06T08:55:49.9869419Z Cleaning up orphan processes
2026-10-06T08:55:50.0072142Z ##[warning]Node.js 20 is deprecated. The following actions target Node.js 20 but are being forced to run on Node.js 24: actions/checkout@v4. For more information see: https://github.blog/changelog/2025-09-19-deprecation-of-node-20-on-github-actions-runners/

